---
source: src/html_render.rs
expression: logout()
---
"<!DOCTYPE html><html><head><title>Eloran</title><meta charset=\"UTF-8\"><meta name=\"viewport\" content=\"width=device-width\"><link rel=\"stylesheet\" href=\"/css/eloran.css\"><meta http-equiv=\"Cache-Control\" content=\"no-cache, no-store, must-revalidate\"><meta http-equiv=\"Pragma\" content=\"no-cache\"><meta http-equiv=\"Expires\" content=\"0\"><meta http-equiv=\"refresh\" content=\"0; url='/'\"></head><body class=\"page-library\"><p>Bye !</p><p><a href=\"/\">return home</a></p></body></html>"
