---
source: src/html_render.rs
expression: "comic_reader(&user, &file, page)"
---
"<!DOCTYPE html><html><head><title>Eloran</title><meta charset=\"UTF-8\"><meta name=\"viewport\" content=\"width=device-width\"><link rel=\"stylesheet\" href=\"/css/eloran.css\"><meta http-equiv=\"Cache-Control\" content=\"no-cache, no-store, must-revalidate\"><meta http-equiv=\"Pragma\" content=\"no-cache\"><meta http-equiv=\"Expires\" content=\"0\"></head><body class=\"page-library\"><header><div class=\"logo\"><a href=\"/library\">Eloran</a></div><nav><input type=\"checkbox\" id=\"lasagna-checkbox\"><button class=\"rounded-button lasagna-button\"><span class=\"selected-rounded-button\"></span><label for=\"lasagna-checkbox\"><img src=\"/images/lasagna.svgz\"></label></button><ul class=\"menu\"><li><a href=\"/library\" class=\"nav-button nav-button-1\">Library</a></li><li><a href=\"/reading\" class=\"nav-button nav-button-2\">Reading</a></li><li><a href=\"/bookmarks\" class=\"nav-button nav-button-3\">Bookmarks</a></li><input type=\"checkbox\" id=\"prefs-checkbox\"><button class=\"rounded-button prefs-button\"><span class=\"selected-rounded-button\"></span><label for=\"prefs-checkbox\">A</label></button><ul class=\"prefs-menu\"><li><a href=\"/prefs\">Preferences</a></li><li><a href=\"/logout\">Logout</a></li></ul></ul></nav></header><div class=\"navigation-map\"><picture><source srcset=\"/comic_page//10/800px\" media=\"(max-width: 800px)\" class=\"comic-content\"><source srcset=\"/comic_page//10/1000px\" media=\"(max-width: 1000px)\" class=\"comic-content\"><source srcset=\"/comic_page//10/orig\" class=\"comic-content\"><img src=\"/comic_page//10/orig\" alt=\"TODO_PAGE_NUM\" class=\"comic-content\" usemap=\"navigation-map\"><a href=\"/read//9\" style=\"top: 0%; left: 0%; width: 30%; height: 100%;\"></a><a href=\"/read//-1\" style=\"top: 0%; left: 70%; width: 30%; height: 100%;\"></a></picture></div><h1 id=\"navigation\" align=\"center\"><a href=\"/read//9\" class=\"navigation\">⬅️</a> | <a href=\"/read//0\" class=\"navigation\">start</a> | <a href=\"/infos/\" class=\"navigation\">close</a> | <a href=\"/read//-1\" class=\"navigation\">end</a> | <a href=\"/read//-1\" class=\"navigation\">➡️</a></h1></body></html>"
