---
source: src/html_render.rs
expression: "file_info(&user, &file, current_page, bookmark_status, read_status, up_link)"
---
"<!DOCTYPE html><html><head><title>Eloran</title><meta charset=\"UTF-8\"><meta name=\"viewport\" content=\"width=device-width\"><link rel=\"stylesheet\" href=\"/css/eloran.css\"><meta http-equiv=\"Cache-Control\" content=\"no-cache, no-store, must-revalidate\"><meta http-equiv=\"Pragma\" content=\"no-cache\"><meta http-equiv=\"Expires\" content=\"0\"></head><body class=\"page-library\"><header><div class=\"logo\"><a href=\"/library\">Eloran</a></div><nav><input type=\"checkbox\" id=\"lasagna-checkbox\"><button class=\"rounded-button lasagna-button\"><span class=\"selected-rounded-button\"></span><label for=\"lasagna-checkbox\"><img src=\"/images/lasagna.svgz\"></label></button><ul class=\"menu\"><li><a href=\"/library\" class=\"nav-button nav-button-1\">Library</a></li><li><a href=\"/reading\" class=\"nav-button nav-button-2\">Reading</a></li><li><a href=\"/bookmarks\" class=\"nav-button nav-button-3\">Bookmarks</a></li><input type=\"checkbox\" id=\"prefs-checkbox\"><button class=\"rounded-button prefs-button\"><span class=\"selected-rounded-button\"></span><label for=\"prefs-checkbox\">A</label></button><ul class=\"prefs-menu\"><li><a href=\"/prefs\">Preferences</a></li><li><a href=\"/logout\">Logout</a></li></ul></ul></nav></header><div id=\"infos\"><h2 style=\"text-align: center;\"><a href=\"/read//2\" class=\"navigation\" target=\"_blank\">📖 read file</a> | <a href=\"/download/\" class=\"navigation\">⤵ download</a></h2><h2><a href=\"some/up/link\" class=\"navigation\">↖️  up</a></h2><div id=\"flags\"><a href=\"/toggle/bookmark/\">toggle bookmarks</a><br><a href=\"/toggle/read_status/\">toggle read status</a></div><div id=\"infos\"><h4 style=\"text-align: center;\">✅</h4><h2 style=\"text-align: center;\"></h2><img src=\"/cover/\" alt=\"cover\" width=\"150\" height=\"230\" class=\"infos\"><p style=\"text-align: center;\">size : 0<br>page : 2/0<br>type : <br>added : 0</p></div></div></body></html>"
